[0.155s] Invoking command in '/home/singularity/robpractice/build/my_scout_description': CMAKE_PREFIX_PATH=${CMAKE_PREFIX_PATH}:/home/singularity/robpractice/install/autonomous_drive:/opt/ros/humble /usr/bin/cmake --build /home/singularity/robpractice/build/my_scout_description -- -j16 -l16
[0.205s] Invoked command in '/home/singularity/robpractice/build/my_scout_description' returned '0': CMAKE_PREFIX_PATH=${CMAKE_PREFIX_PATH}:/home/singularity/robpractice/install/autonomous_drive:/opt/ros/humble /usr/bin/cmake --build /home/singularity/robpractice/build/my_scout_description -- -j16 -l16
[0.214s] Invoking command in '/home/singularity/robpractice/build/my_scout_description': CMAKE_PREFIX_PATH=${CMAKE_PREFIX_PATH}:/home/singularity/robpractice/install/autonomous_drive:/opt/ros/humble /usr/bin/cmake --install /home/singularity/robpractice/build/my_scout_description
[0.221s] -- Install configuration: ""
[0.222s] -- Execute custom install script
[0.222s] -- Up-to-date symlink: /home/singularity/robpractice/install/my_scout_description/share/ament_index/resource_index/package_run_dependencies/my_scout_description
[0.222s] -- Up-to-date symlink: /home/singularity/robpractice/install/my_scout_description/share/ament_index/resource_index/parent_prefix_path/my_scout_description
[0.222s] -- Up-to-date symlink: /home/singularity/robpractice/install/my_scout_description/share/my_scout_description/environment/ament_prefix_path.sh
[0.222s] -- Up-to-date symlink: /home/singularity/robpractice/install/my_scout_description/share/my_scout_description/environment/ament_prefix_path.dsv
[0.222s] -- Up-to-date symlink: /home/singularity/robpractice/install/my_scout_description/share/my_scout_description/environment/path.sh
[0.222s] -- Up-to-date symlink: /home/singularity/robpractice/install/my_scout_description/share/my_scout_description/environment/path.dsv
[0.222s] -- Up-to-date symlink: /home/singularity/robpractice/install/my_scout_description/share/my_scout_description/local_setup.bash
[0.222s] -- Up-to-date symlink: /home/singularity/robpractice/install/my_scout_description/share/my_scout_description/local_setup.sh
[0.222s] -- Up-to-date symlink: /home/singularity/robpractice/install/my_scout_description/share/my_scout_description/local_setup.zsh
[0.223s] -- Up-to-date symlink: /home/singularity/robpractice/install/my_scout_description/share/my_scout_description/local_setup.dsv
[0.223s] -- Symlinking: /home/singularity/robpractice/install/my_scout_description/share/my_scout_description/package.dsv
[0.231s] -- Up-to-date symlink: /home/singularity/robpractice/install/my_scout_description/share/ament_index/resource_index/packages/my_scout_description
[0.231s] -- Up-to-date symlink: /home/singularity/robpractice/install/my_scout_description/share/my_scout_description/cmake/my_scout_descriptionConfig.cmake
[0.231s] -- Up-to-date symlink: /home/singularity/robpractice/install/my_scout_description/share/my_scout_description/cmake/my_scout_descriptionConfig-version.cmake
[0.231s] -- Up-to-date symlink: /home/singularity/robpractice/install/my_scout_description/share/my_scout_description/package.xml
[0.232s] -- Up-to-date symlink: /home/singularity/robpractice/install/my_scout_description/share/my_scout_description/urdf/scout_mini.xacro
[0.232s] -- Up-to-date symlink: /home/singularity/robpractice/install/my_scout_description/share/my_scout_description/meshes/scout_mini_base_link.dae
[0.232s] -- Up-to-date symlink: /home/singularity/robpractice/install/my_scout_description/share/my_scout_description/meshes/wheel.dae
[0.235s] Invoked command in '/home/singularity/robpractice/build/my_scout_description' returned '0': CMAKE_PREFIX_PATH=${CMAKE_PREFIX_PATH}:/home/singularity/robpractice/install/autonomous_drive:/opt/ros/humble /usr/bin/cmake --install /home/singularity/robpractice/build/my_scout_description
