running develop
/usr/lib/python3/dist-packages/setuptools/command/easy_install.py:355: UserWarning: Unbuilt egg for autonomous-drive [unknown version] (/home/singularity/robpractice/build/autonomous_drive)
  self.local_index = Environment(self.shadow_path + sys.path)
running egg_info
creating scout_tf_bridge.egg-info
writing scout_tf_bridge.egg-info/PKG-INFO
writing dependency_links to scout_tf_bridge.egg-info/dependency_links.txt
writing entry points to scout_tf_bridge.egg-info/entry_points.txt
writing requirements to scout_tf_bridge.egg-info/requires.txt
writing top-level names to scout_tf_bridge.egg-info/top_level.txt
writing manifest file 'scout_tf_bridge.egg-info/SOURCES.txt'
reading manifest file 'scout_tf_bridge.egg-info/SOURCES.txt'
writing manifest file 'scout_tf_bridge.egg-info/SOURCES.txt'
running build_ext
Creating /home/singularity/robpractice/install/scout_tf_bridge/lib/python3.10/site-packages/scout-tf-bridge.egg-link (link to .)

Installed /home/singularity/robpractice/build/scout_tf_bridge
running symlink_data
creating /home/singularity/robpractice/install/scout_tf_bridge/share/ament_index
creating /home/singularity/robpractice/install/scout_tf_bridge/share/ament_index/resource_index
creating /home/singularity/robpractice/install/scout_tf_bridge/share/ament_index/resource_index/packages
symbolically linking /home/singularity/robpractice/build/scout_tf_bridge/resource/scout_tf_bridge -> /home/singularity/robpractice/install/scout_tf_bridge/share/ament_index/resource_index/packages
symbolically linking /home/singularity/robpractice/build/scout_tf_bridge/package.xml -> /home/singularity/robpractice/install/scout_tf_bridge/share/scout_tf_bridge
