[0.146s] Invoking command in '/home/singularity/robpractice/build/scout_gazebo_sim': CMAKE_PREFIX_PATH=/opt/ros/humble /usr/bin/cmake --build /home/singularity/robpractice/build/scout_gazebo_sim -- -j16 -l16
[0.182s] Invoked command in '/home/singularity/robpractice/build/scout_gazebo_sim' returned '0': CMAKE_PREFIX_PATH=/opt/ros/humble /usr/bin/cmake --build /home/singularity/robpractice/build/scout_gazebo_sim -- -j16 -l16
[0.184s] Invoking command in '/home/singularity/robpractice/build/scout_gazebo_sim': CMAKE_PREFIX_PATH=/opt/ros/humble /usr/bin/cmake --install /home/singularity/robpractice/build/scout_gazebo_sim
[0.198s] -- Install configuration: ""
[0.198s] -- Execute custom install script
[0.199s] -- Up-to-date symlink: /home/singularity/robpractice/install/scout_gazebo_sim/share/scout_gazebo_sim//launch/spawn_scout.launch.py
[0.199s] -- Up-to-date symlink: /home/singularity/robpractice/install/scout_gazebo_sim/share/scout_gazebo_sim//worlds/empty.world
[0.199s] -- Up-to-date symlink: /home/singularity/robpractice/install/scout_gazebo_sim/share/scout_gazebo_sim/config/bridge_config.yaml
[0.199s] -- Up-to-date symlink: /home/singularity/robpractice/install/scout_gazebo_sim/share/scout_gazebo_sim/rviz/scout_view.rviz
[0.199s] -- Up-to-date symlink: /home/singularity/robpractice/install/scout_gazebo_sim/share/ament_index/resource_index/package_run_dependencies/scout_gazebo_sim
[0.199s] -- Up-to-date symlink: /home/singularity/robpractice/install/scout_gazebo_sim/share/ament_index/resource_index/parent_prefix_path/scout_gazebo_sim
[0.199s] -- Up-to-date symlink: /home/singularity/robpractice/install/scout_gazebo_sim/share/scout_gazebo_sim/environment/ament_prefix_path.sh
[0.199s] -- Up-to-date symlink: /home/singularity/robpractice/install/scout_gazebo_sim/share/scout_gazebo_sim/environment/ament_prefix_path.dsv
[0.199s] -- Up-to-date symlink: /home/singularity/robpractice/install/scout_gazebo_sim/share/scout_gazebo_sim/environment/path.sh
[0.200s] -- Up-to-date symlink: /home/singularity/robpractice/install/scout_gazebo_sim/share/scout_gazebo_sim/environment/path.dsv
[0.200s] -- Up-to-date symlink: /home/singularity/robpractice/install/scout_gazebo_sim/share/scout_gazebo_sim/local_setup.bash
[0.200s] -- Up-to-date symlink: /home/singularity/robpractice/install/scout_gazebo_sim/share/scout_gazebo_sim/local_setup.sh
[0.200s] -- Up-to-date symlink: /home/singularity/robpractice/install/scout_gazebo_sim/share/scout_gazebo_sim/local_setup.zsh
[0.200s] -- Up-to-date symlink: /home/singularity/robpractice/install/scout_gazebo_sim/share/scout_gazebo_sim/local_setup.dsv
[0.200s] -- Symlinking: /home/singularity/robpractice/install/scout_gazebo_sim/share/scout_gazebo_sim/package.dsv
[0.206s] -- Up-to-date symlink: /home/singularity/robpractice/install/scout_gazebo_sim/share/ament_index/resource_index/packages/scout_gazebo_sim
[0.206s] -- Up-to-date symlink: /home/singularity/robpractice/install/scout_gazebo_sim/share/scout_gazebo_sim/cmake/scout_gazebo_simConfig.cmake
[0.206s] -- Up-to-date symlink: /home/singularity/robpractice/install/scout_gazebo_sim/share/scout_gazebo_sim/cmake/scout_gazebo_simConfig-version.cmake
[0.206s] -- Up-to-date symlink: /home/singularity/robpractice/install/scout_gazebo_sim/share/scout_gazebo_sim/package.xml
[0.215s] Invoked command in '/home/singularity/robpractice/build/scout_gazebo_sim' returned '0': CMAKE_PREFIX_PATH=/opt/ros/humble /usr/bin/cmake --install /home/singularity/robpractice/build/scout_gazebo_sim
